******************************************************************************
                  TI ARM Linker PC v15.12.3                    
******************************************************************************
>> Linked Thu Sep 29 11:48:25 2016

OUTPUT FILE NAME:   <MotorControl.out>
ENTRY POINT SYMBOL: "_c_int00"  address: 000033e1


MEMORY CONFIGURATION

         name            origin    length      used     unused   attr    fill
----------------------  --------  ---------  --------  --------  ----  --------
  MAIN                  00000000   00040000  000039e2  0003c61e  R  X
  INFO                  00200000   00004000  00000000  00004000  R  X
  SRAM_CODE             01000000   00010000  00000000  00010000  RW X
  SRAM_DATA             20000000   00010000  00000f1c  0000f0e4  RW  


SEGMENT ALLOCATION MAP

run origin  load origin   length   init length attrs members
----------  ----------- ---------- ----------- ----- -------
00000000    00000000    000039e4   000039e4    r-x
  00000000    00000000    00000140   00000140    r-- .intvecs
  00000140    00000140    0000361a   0000361a    r-x .text
  0000375c    0000375c    0000018c   0000018c    r-- .const
  000038e8    000038e8    000000fc   000000fc    r-- .cinit
20000000    20000000    00000d20   00000000    rw-
  20000000    20000000    000000e4   00000000    rw- .vtable
  200000e8    200000e8    00000800   00000000    rw- .sysmem
  200008e8    200008e8    00000248   00000000    rw- .data
  20000b30    20000b30    000001f0   00000000    rw- .bss
2000fe00    2000fe00    00000200   00000000    rw-
  2000fe00    2000fe00    00000200   00000000    rw- .stack


SECTION ALLOCATION MAP

 output                                  attributes/
section   page    origin      length       input sections
--------  ----  ----------  ----------   ----------------
.intvecs   0    00000000    00000140     
                  00000000    00000140     startup_msp432p401r_ccs.obj (.intvecs:retain)

.text      0    00000140    0000361a     
                  00000140    00001110     rtsv7M4_T_le_v4SPD16_eabi.lib : _printfi.obj (.text)
                  00001250    000003dc                                   : memory.obj (.text)
                  0000162c    00000328     system_msp432p401r.obj (.text)
                  00001954    00000324     rtsv7M4_T_le_v4SPD16_eabi.lib : trgdrv.obj (.text)
                  00001c78    0000030c                                   : lowlev.obj (.text)
                  00001f84    00000214     pmap_timera_redirection.obj (.text)
                  00002198    000001f4     rtsv7M4_T_le_v4SPD16_eabi.lib : ull_div_t2.obj (.text)
                  0000238c    000001c4                                   : fopen.obj (.text)
                  00002550    000001b6                                   : fd_add_t2.obj (.text)
                  00002706    00000136                                   : fd_div_t2.obj (.text)
                  0000283c    00000134                                   : fputs.obj (.text)
                  00002970    000000fc                                   : fd_mul_t2.obj (.text)
                  00002a6c    000000fc                                   : s_scalbn.obj (.text)
                  00002b68    000000dc                                   : setvbuf.obj (.text)
                  00002c44    000000c8                                   : fflush.obj (.text)
                  00002d0c    000000ac                                   : _io_perm.obj (.text)
                  00002db8    0000009c                                   : memcpy_t2.obj (.text)
                  00002e54    00000098                                   : fclose.obj (.text)
                  00002eec    00000098                                   : fputc.obj (.text)
                  00002f84    00000086                                   : fd_cmp_t2.obj (.text:__aeabi_cdcmple)
                  0000300a    00000086                                   : fd_cmp_t2.obj (.text:__aeabi_cdrcmple)
                  00003090    0000007a                                   : memset_t2.obj (.text)
                  0000310a    00000002                                   : mpu_init.obj (.text)
                  0000310c    00000070                                   : autoinit.obj (.text)
                  0000317c    00000070                                   : printf.obj (.text)
                  000031ec    0000006a                                   : copy_decompress_rle.obj (.text)
                  00003256    00000002                                   : startup.obj (.text)
                  00003258    00000068                                   : trgmsg.obj (.text)
                  000032c0    00000064                                   : fseek.obj (.text)
                  00003324    00000064                                   : s_frexp.obj (.text)
                  00003388    00000056                                   : ltoa.obj (.text)
                  000033de    00000002     --HOLE-- [fill = 0]
                  000033e0    00000054                                   : boot.obj (.text)
                  00003434    00000054                                   : exit.obj (.text)
                  00003488    0000004c                                   : atoi.obj (.text)
                  000034d4    0000004c                                   : cpy_tbl.obj (.text)
                  00003520    00000048                                   : fd_toi_t2.obj (.text)
                  00003568    00000034     msp432p4xx_driverlib.lib : interrupt.o (.text:Interrupt_registerInterrupt)
                  0000359c    00000030     rtsv7M4_T_le_v4SPD16_eabi.lib : strncpy.obj (.text)
                  000035cc    0000002e                                   : i_tofd_t2.obj (.text)
                  000035fa    00000002     --HOLE-- [fill = 0]
                  000035fc    00000024     msp432p4xx_driverlib.lib : gpio.o (.text:GPIO_setAsOutputPin)
                  00003620    00000024                              : interrupt.o (.text:Interrupt_setPriority)
                  00003644    00000020     rtsv7M4_T_le_v4SPD16_eabi.lib : memchr.obj (.text)
                  00003664    0000001c                                   : memccpy.obj (.text)
                  00003680    00000018     msp432p4xx_driverlib.lib : gpio.o (.text:GPIO_setOutputLowOnPin)
                  00003698    00000018     rtsv7M4_T_le_v4SPD16_eabi.lib : args_main.obj (.text)
                  000036b0    00000018                                   : strcmp.obj (.text)
                  000036c8    00000016                                   : strchr.obj (.text)
                  000036de    00000002     --HOLE-- [fill = 0]
                  000036e0    00000014                                   : _lock.obj (.text)
                  000036f4    00000014                                   : s_copysign.obj (.text)
                  00003708    00000014                                   : strcpy.obj (.text)
                  0000371c    00000014                                   : strlen.obj (.text)
                  00003730    00000012     startup_msp432p401r_ccs.obj (.text)
                  00003742    0000000e     rtsv7M4_T_le_v4SPD16_eabi.lib : copy_decompress_none.obj (.text:decompress:none)
                  00003750    00000006                                   : copy_decompress_rle.obj (.text:decompress:rle24)
                  00003756    00000004                                   : pre_init.obj (.text)

.const     0    0000375c    0000018c     
                  0000375c    00000101     rtsv7M4_T_le_v4SPD16_eabi.lib : ctype.obj (.const:.string:_ctypes_)
                  0000385d    00000003     --HOLE-- [fill = 0]
                  00003860    00000050     msp432p4xx_driverlib.lib : interrupt.o (.const:g_pulRegs)
                  000038b0    00000018     pmap_timera_redirection.obj (.const:upDownConfig)
                  000038c8    00000018     pmap_timera_redirection.obj (.const:upModeConfig)
                  000038e0    00000008     pmap_timera_redirection.obj (.const:.string:port2_mapping)

.cinit     0    000038e8    000000fc     
                  000038e8    000000b9     (.cinit..data.load) [load image, compression = rle]
                  000039a1    00000007     --HOLE-- [fill = 0]
                  000039a8    0000000b     (.cinit..bss.load) [load image, compression = rle]
                  000039b3    00000005     --HOLE-- [fill = 0]
                  000039b8    00000009     (.cinit..vtable.load) [load image, compression = rle]
                  000039c1    00000003     --HOLE-- [fill = 0]
                  000039c4    00000008     (__TI_handler_table)
                  000039cc    00000018     (__TI_cinit_table)

.init_array 
*          0    00000000    00000000     UNINITIALIZED

.vtable    0    20000000    000000e4     UNINITIALIZED
                  20000000    000000e4     msp432p4xx_driverlib.lib : interrupt.o (.vtable)

.sysmem    0    200000e8    00000800     UNINITIALIZED
                  200000e8    00000008     rtsv7M4_T_le_v4SPD16_eabi.lib : memory.obj (.sysmem)
                  200000f0    000007f8     --HOLE--

.data      0    200008e8    00000248     UNINITIALIZED
                  200008e8    000000f0     rtsv7M4_T_le_v4SPD16_eabi.lib : defs.obj (.data:_ftable)
                  200009d8    000000d0                                   : lowlev.obj (.data:$O1$$)
                  20000aa8    00000030     msp432p4xx_driverlib.lib : gpio.o (.data:GPIO_PORT_TO_BASE)
                  20000ad8    00000010     pmap_timera_redirection.obj (.data:compareConfig_PWM1)
                  20000ae8    00000010     rtsv7M4_T_le_v4SPD16_eabi.lib : defs.obj (.data)
                  20000af8    0000000c                                   : exit.obj (.data:$O1$$)
                  20000b04    0000000c                                   : memory.obj (.data:$O1$$)
                  20000b10    00000008                                   : _lock.obj (.data:$O1$$)
                  20000b18    00000008     pmap_timera_redirection.obj (.data)
                  20000b20    00000004     rtsv7M4_T_le_v4SPD16_eabi.lib : errno.obj (.data)
                  20000b24    00000004                                   : fopen.obj (.data)
                  20000b28    00000004                                   : stkdepth_vars.obj (.data)
                  20000b2c    00000004     system_msp432p401r.obj (.data)

.bss       0    20000b30    000001f0     UNINITIALIZED
                  20000b30    00000120     rtsv7M4_T_le_v4SPD16_eabi.lib : trgmsg.obj (.bss:_CIOBUF_)
                  20000c50    000000a0     (.common:__TI_tmpnams)
                  20000cf0    00000020     (.common:count_buffer)
                  20000d10    00000008                                   : trgdrv.obj (.bss:parmbuf)
                  20000d18    00000004     (.common:avg_count)
                  20000d1c    00000004     (.common:i)

.stack     0    2000fe00    00000200     UNINITIALIZED
                  2000fe00    00000200     --HOLE--

MODULE SUMMARY

       Module                        code    ro data   rw data
       ------                        ----    -------   -------
    .\
       system_msp432p401r.obj        808     0         4      
       pmap_timera_redirection.obj   532     56        64     
       startup_msp432p401r_ccs.obj   18      320       0      
    +--+-----------------------------+-------+---------+---------+
       Total:                        1358    376       68     
                                                              
    C:/ti/msp/MSP432Ware_3_50_00_02/driverlib/driverlib/MSP432P4xx/ccs/msp432p4xx_driverlib.lib
       interrupt.o                   88      80        228    
       gpio.o                        60      0         48     
    +--+-----------------------------+-------+---------+---------+
       Total:                        148     80        276    
                                                              
    C:\ti\ccsv6\tools\compiler\arm_15.12.3.LTS\lib\rtsv7M4_T_le_v4SPD16_eabi.lib
       _printfi.obj                  4368    0         0      
       memory.obj                    988     0         12     
       lowlev.obj                    780     0         208    
       trgdrv.obj                    804     0         8      
       ull_div_t2.obj                500     0         0      
       fopen.obj                     452     0         4      
       fd_add_t2.obj                 438     0         0      
       defs.obj                      0       0         416    
       trgmsg.obj                    104     0         288    
       fd_div_t2.obj                 310     0         0      
       fputs.obj                     308     0         0      
       fd_cmp_t2.obj                 268     0         0      
       ctype.obj                     0       257       0      
       fd_mul_t2.obj                 252     0         0      
       s_scalbn.obj                  252     0         0      
       setvbuf.obj                   220     0         0      
       fflush.obj                    200     0         0      
       _io_perm.obj                  172     0         0      
       memcpy_t2.obj                 156     0         0      
       fclose.obj                    152     0         0      
       fputc.obj                     152     0         0      
       memset_t2.obj                 122     0         0      
       autoinit.obj                  112     0         0      
       copy_decompress_rle.obj       112     0         0      
       printf.obj                    112     0         0      
       fseek.obj                     100     0         0      
       s_frexp.obj                   100     0         0      
       exit.obj                      84      0         12     
       ltoa.obj                      86      0         0      
       boot.obj                      84      0         0      
       atoi.obj                      76      0         0      
       cpy_tbl.obj                   76      0         0      
       fd_toi_t2.obj                 72      0         0      
       strncpy.obj                   48      0         0      
       i_tofd_t2.obj                 46      0         0      
       memchr.obj                    32      0         0      
       _lock.obj                     20      0         8      
       memccpy.obj                   28      0         0      
       args_main.obj                 24      0         0      
       strcmp.obj                    24      0         0      
       strchr.obj                    22      0         0      
       s_copysign.obj                20      0         0      
       strcpy.obj                    20      0         0      
       strlen.obj                    20      0         0      
       copy_decompress_none.obj      14      0         0      
       errno.obj                     0       0         4      
       pre_init.obj                  4       0         0      
       stkdepth_vars.obj             0       0         4      
       mpu_init.obj                  2       0         0      
       startup.obj                   2       0         0      
    +--+-----------------------------+-------+---------+---------+
       Total:                        12338   257       964    
                                                              
       Heap:                         0       0         2048   
       Stack:                        0       0         512    
       Linker Generated:             0       237       0      
    +--+-----------------------------+-------+---------+---------+
       Grand Total:                  13844   950       3868   


LINKER GENERATED COPY TABLES

__TI_cinit_table @ 000039cc records: 3, size/record: 8, table size: 24
	.data: load addr=000038e8, load size=000000b9 bytes, run addr=200008e8, run size=00000248 bytes, compression=rle
	.bss: load addr=000039a8, load size=0000000b bytes, run addr=20000b30, run size=000001f0 bytes, compression=rle
	.vtable: load addr=000039b8, load size=00000009 bytes, run addr=20000000, run size=000000e4 bytes, compression=rle


LINKER GENERATED HANDLER TABLE

__TI_handler_table @ 000039c4 records: 2, size/record: 4, table size: 8
	index: 0, handler: __TI_decompress_rle24
	index: 1, handler: __TI_decompress_none


GLOBAL SYMBOLS: SORTED ALPHABETICALLY BY Name 

address   name                           
-------   ----                           
00003435  C$$EXIT                        
00003287  C$$IO$$                        
000035fd  GPIO_setAsOutputPin            
00003681  GPIO_setOutputLowOnPin         
00001c2b  HOSTclock                      
00001bf3  HOSTclose                      
00001bb5  HOSTgetenv                     
00001b59  HOSTlseek                      
00001b07  HOSTopen                       
00001abb  HOSTread                       
00001a5d  HOSTrename                     
00001a23  HOSTtime                       
000019d9  HOSTtime64                     
000019a1  HOSTunlink                     
00001955  HOSTwrite                      
00003569  Interrupt_registerInterrupt    
00003621  Interrupt_setPriority          
0000209b  PORT2_IRQHandler               
UNDEFED   SHT$$INIT_ARRAY$$Base          
UNDEFED   SHT$$INIT_ARRAY$$Limit         
20000b2c  SystemCoreClock                
0000162d  SystemCoreClockUpdate          
000018a1  SystemInit                     
000020c9  TA0_N_IRQHandler               
4000480c  WDTCTL_SYM                     
20000b30  __CIOBUF_                      
20010000  __STACK_END                    
00000200  __STACK_SIZE                   
00000800  __SYSMEM_SIZE                  
000039cc  __TI_CINIT_Base                
000039e4  __TI_CINIT_Limit               
000039c4  __TI_Handler_Table_Base        
000039cc  __TI_Handler_Table_Limit       
0000310d  __TI_auto_init                 
00002455  __TI_cleanup                   
20000af8  __TI_cleanup_ptr               
00002e55  __TI_closefile                 
00003743  __TI_decompress_none           
00003751  __TI_decompress_rle24          
00002c45  __TI_doflush                   
20000afc  __TI_dtors_ptr                 
20000b00  __TI_enable_exit_profile_output
20000ae8  __TI_ft_end                    
ffffffff  __TI_pprof_out_hndl            
00000f4b  __TI_printfi                   
ffffffff  __TI_prof_data_size            
ffffffff  __TI_prof_data_start           
00002d6f  __TI_rd_ok                     
0000328b  __TI_readmsg                   
00000000  __TI_static_base__             
20000c50  __TI_tmpnams                   
00003259  __TI_writemsg                  
00002d0d  __TI_wrt_ok                    
00002f85  __aeabi_cdcmpeq                
00002f85  __aeabi_cdcmple                
0000300b  __aeabi_cdrcmple               
00003521  __aeabi_d2iz                   
0000255b  __aeabi_dadd                   
00002707  __aeabi_ddiv                   
00002971  __aeabi_dmul                   
00002551  __aeabi_dsub                   
000035cd  __aeabi_i2d                    
00003091  __aeabi_memclr                 
00003091  __aeabi_memclr4                
00003091  __aeabi_memclr8                
00002db9  __aeabi_memcpy                 
00002db9  __aeabi_memcpy4                
00002db9  __aeabi_memcpy8                
00003093  __aeabi_memset                 
00003093  __aeabi_memset4                
00003093  __aeabi_memset8                
20000af4  __aeabi_stderr                 
20000aec  __aeabi_stdin                  
20000af0  __aeabi_stdout                 
00002199  __aeabi_uldivmod               
ffffffff  __binit__                      
ffffffff  __c_args__                     
0000310b  __mpu_init                     
2000fe00  __stack                        
00003699  _args_main                     
000033e1  _c_int00                       
0000375c  _ctypes_                       
200008e8  _ftable                        
20000b10  _lock                          
000036ef  _nop                           
000036e7  _register_lock                 
000036e1  _register_unlock               
200000e8  _sys_memory                    
00003257  _system_post_cinit             
00003757  _system_pre_init               
20000b14  _unlock                        
00003439  abort                          
00001ed9  add_device                     
00003489  atoi                           
20000d18  avg_count                      
ffffffff  binit                          
20000b1c  buf_offset                     
000015f9  calloc                         
00001e89  close                          
20000ad8  compareConfig_PWM1             
000034d5  copy_in                        
000036f5  copysign                       
000036f5  copysignl                      
20000cf0  count_buffer                   
20000b20  errno                          
00003441  exit                           
00002ebb  fclose                         
00002c91  fflush                         
000024ab  fopen                          
00002eed  fputc                          
0000283d  fputs                          
00001347  free                           
00002481  freopen                        
00003325  frexp                          
00003325  frexpl                         
000032c1  fseek                          
20000000  g_pfnRAMVectors                
20000d1c  i                              
00000000  interruptVectors               
00002a6d  ldexp                          
00002a6d  ldexpl                         
00001e65  lseek                          
00003389  ltoa                           
00001f85  main                           
20000b28  main_func_sp                   
000012df  malloc                         
00001515  memalign                       
00003665  memccpy                        
00003645  memchr                         
00002db9  memcpy                         
00003099  memset                         
00001251  minit                          
00001db7  open                           
000038e0  port2_mapping                  
00003185  printf                         
00002eed  putc                           
00002f71  putchar                        
00002949  puts                           
00001d93  read                           
00001409  realloc                        
00001d09  remove                         
00001d6b  remove_device                  
00001d2d  rename                         
00002a6d  scalbn                         
00002a6d  scalbnl                        
00002b69  setvbuf                        
000036c9  strchr                         
000036b1  strcmp                         
00003709  strcpy                         
0000371d  strlen                         
0000359d  strncpy                        
00001d09  unlink                         
000038b0  upDownConfig                   
000038c8  upModeConfig                   
00001c79  write                          


GLOBAL SYMBOLS: SORTED BY Symbol Address 

address   name                           
-------   ----                           
00000000  __TI_static_base__             
00000000  interruptVectors               
00000200  __STACK_SIZE                   
00000800  __SYSMEM_SIZE                  
00000f4b  __TI_printfi                   
00001251  minit                          
000012df  malloc                         
00001347  free                           
00001409  realloc                        
00001515  memalign                       
000015f9  calloc                         
0000162d  SystemCoreClockUpdate          
000018a1  SystemInit                     
00001955  HOSTwrite                      
000019a1  HOSTunlink                     
000019d9  HOSTtime64                     
00001a23  HOSTtime                       
00001a5d  HOSTrename                     
00001abb  HOSTread                       
00001b07  HOSTopen                       
00001b59  HOSTlseek                      
00001bb5  HOSTgetenv                     
00001bf3  HOSTclose                      
00001c2b  HOSTclock                      
00001c79  write                          
00001d09  remove                         
00001d09  unlink                         
00001d2d  rename                         
00001d6b  remove_device                  
00001d93  read                           
00001db7  open                           
00001e65  lseek                          
00001e89  close                          
00001ed9  add_device                     
00001f85  main                           
0000209b  PORT2_IRQHandler               
000020c9  TA0_N_IRQHandler               
00002199  __aeabi_uldivmod               
00002455  __TI_cleanup                   
00002481  freopen                        
000024ab  fopen                          
00002551  __aeabi_dsub                   
0000255b  __aeabi_dadd                   
00002707  __aeabi_ddiv                   
0000283d  fputs                          
00002949  puts                           
00002971  __aeabi_dmul                   
00002a6d  ldexp                          
00002a6d  ldexpl                         
00002a6d  scalbn                         
00002a6d  scalbnl                        
00002b69  setvbuf                        
00002c45  __TI_doflush                   
00002c91  fflush                         
00002d0d  __TI_wrt_ok                    
00002d6f  __TI_rd_ok                     
00002db9  __aeabi_memcpy                 
00002db9  __aeabi_memcpy4                
00002db9  __aeabi_memcpy8                
00002db9  memcpy                         
00002e55  __TI_closefile                 
00002ebb  fclose                         
00002eed  fputc                          
00002eed  putc                           
00002f71  putchar                        
00002f85  __aeabi_cdcmpeq                
00002f85  __aeabi_cdcmple                
0000300b  __aeabi_cdrcmple               
00003091  __aeabi_memclr                 
00003091  __aeabi_memclr4                
00003091  __aeabi_memclr8                
00003093  __aeabi_memset                 
00003093  __aeabi_memset4                
00003093  __aeabi_memset8                
00003099  memset                         
0000310b  __mpu_init                     
0000310d  __TI_auto_init                 
00003185  printf                         
00003257  _system_post_cinit             
00003259  __TI_writemsg                  
00003287  C$$IO$$                        
0000328b  __TI_readmsg                   
000032c1  fseek                          
00003325  frexp                          
00003325  frexpl                         
00003389  ltoa                           
000033e1  _c_int00                       
00003435  C$$EXIT                        
00003439  abort                          
00003441  exit                           
00003489  atoi                           
000034d5  copy_in                        
00003521  __aeabi_d2iz                   
00003569  Interrupt_registerInterrupt    
0000359d  strncpy                        
000035cd  __aeabi_i2d                    
000035fd  GPIO_setAsOutputPin            
00003621  Interrupt_setPriority          
00003645  memchr                         
00003665  memccpy                        
00003681  GPIO_setOutputLowOnPin         
00003699  _args_main                     
000036b1  strcmp                         
000036c9  strchr                         
000036e1  _register_unlock               
000036e7  _register_lock                 
000036ef  _nop                           
000036f5  copysign                       
000036f5  copysignl                      
00003709  strcpy                         
0000371d  strlen                         
00003743  __TI_decompress_none           
00003751  __TI_decompress_rle24          
00003757  _system_pre_init               
0000375c  _ctypes_                       
000038b0  upDownConfig                   
000038c8  upModeConfig                   
000038e0  port2_mapping                  
000039c4  __TI_Handler_Table_Base        
000039cc  __TI_CINIT_Base                
000039cc  __TI_Handler_Table_Limit       
000039e4  __TI_CINIT_Limit               
20000000  g_pfnRAMVectors                
200000e8  _sys_memory                    
200008e8  _ftable                        
20000ad8  compareConfig_PWM1             
20000ae8  __TI_ft_end                    
20000aec  __aeabi_stdin                  
20000af0  __aeabi_stdout                 
20000af4  __aeabi_stderr                 
20000af8  __TI_cleanup_ptr               
20000afc  __TI_dtors_ptr                 
20000b00  __TI_enable_exit_profile_output
20000b10  _lock                          
20000b14  _unlock                        
20000b1c  buf_offset                     
20000b20  errno                          
20000b28  main_func_sp                   
20000b2c  SystemCoreClock                
20000b30  __CIOBUF_                      
20000c50  __TI_tmpnams                   
20000cf0  count_buffer                   
20000d18  avg_count                      
20000d1c  i                              
2000fe00  __stack                        
20010000  __STACK_END                    
4000480c  WDTCTL_SYM                     
ffffffff  __TI_pprof_out_hndl            
ffffffff  __TI_prof_data_size            
ffffffff  __TI_prof_data_start           
ffffffff  __binit__                      
ffffffff  __c_args__                     
ffffffff  binit                          
UNDEFED   SHT$$INIT_ARRAY$$Base          
UNDEFED   SHT$$INIT_ARRAY$$Limit         

[155 symbols]
